
CUDA_VISIBLE_DEVICES=0 /root/miniconda3/bin/python /root/New-HELM-Diffusion/scripts/generate/generate_peptides.py --config /root/New-HELM-Diffusion/outputs/samples/case1/dpo_rounds/case1_vina_flexible_20k_full_r9/generated.multigpu_shards/shard_00_gpu0.json --output /root/New-HELM-Diffusion/outputs/samples/case1/dpo_rounds/case1_vina_flexible_20k_full_r9/generated.multigpu_shards/shard_00_gpu0.txt
Shard sample count: 5000
Shard seed: 779440425
📄 Loading config from: /root/New-HELM-Diffusion/outputs/samples/case1/dpo_rounds/case1_vina_flexible_20k_full_r9/generated.multigpu_shards/shard_00_gpu0.json
🎯 Mode: linear
🎲 Random seed set to 779440425
💻 Using device: cuda
 Loading checkpoint from: /root/autodl-tmp/checkpoints/dpo_rounds/case1_vina_flexible_20k_full_r8/dpo_latest.pt
   Loaded vocab from checkpoint (3105 tokens)
[UniMolEmbeddingLoader] Loaded embeddings:
  - Embedding dim: 512
  - Num monomers: 3104
  - Vocab size: 3105 (including <PAD>)
  - Frozen: True
  - Fusion: CLS + 0.0 * (R1 + R2 + R3)
[TokenMapper] Loaded embeddings: torch.Size([3105, 512])
[TokenMapper] Monomer classification:
  Class 1 (first): 2563
  Class 2 (middle): 1767
  Class 3 (last): 2303
[ALD] R-group table: 3104 monomers, 92 with R3
[ALD] Model: d=512, layers=6+6, T=1000
 Model loaded successfully (50.6M parameters)

 Generating 5000 samples...

CUDA_VISIBLE_DEVICES=0 /root/miniconda3/bin/python /root/New-HELM-Diffusion/scripts/generate/generate_peptides.py --config /root/New-HELM-Diffusion/outputs/samples/case1/dpo_rounds/case1_vina_flexible_20k_full_r9/generated.multigpu_shards/shard_00_gpu0.json --output /root/New-HELM-Diffusion/outputs/samples/case1/dpo_rounds/case1_vina_flexible_20k_full_r9/generated.multigpu_shards/shard_00_gpu0.txt
Shard sample count: 5000
Shard seed: 779440560
📄 Loading config from: /root/New-HELM-Diffusion/outputs/samples/case1/dpo_rounds/case1_vina_flexible_20k_full_r9/generated.multigpu_shards/shard_00_gpu0.json
🎯 Mode: linear
🎲 Random seed set to 779440560
💻 Using device: cuda
 Loading checkpoint from: /root/autodl-tmp/checkpoints/dpo_rounds/case1_vina_flexible_20k_full_r8/dpo_latest.pt
   Loaded vocab from checkpoint (3105 tokens)
[UniMolEmbeddingLoader] Loaded embeddings:
  - Embedding dim: 512
  - Num monomers: 3104
  - Vocab size: 3105 (including <PAD>)
  - Frozen: True
  - Fusion: CLS + 0.0 * (R1 + R2 + R3)
[TokenMapper] Loaded embeddings: torch.Size([3105, 512])
[TokenMapper] Monomer classification:
  Class 1 (first): 2563
  Class 2 (middle): 1767
  Class 3 (last): 2303
[ALD] R-group table: 3104 monomers, 92 with R3
[ALD] Model: d=512, layers=6+6, T=1000
 Model loaded successfully (50.6M parameters)

 Generating 5000 samples...
Traceback (most recent call last):
  File "/root/New-HELM-Diffusion/scripts/generate/generate_peptides.py", line 399, in <module>
    main()
  File "/root/New-HELM-Diffusion/scripts/generate/generate_peptides.py", line 384, in main
    helm_sequences, ring_bond_counts, sequence_lengths = generate_samples(
                                                         ^^^^^^^^^^^^^^^^^
  File "/root/New-HELM-Diffusion/scripts/generate/generate_peptides.py", line 223, in generate_samples
    samples = model.sample(
              ^^^^^^^^^^^^^
  File "/root/miniconda3/lib/python3.12/site-packages/torch/utils/_contextlib.py", line 120, in decorate_context
    return func(*args, **kwargs)
           ^^^^^^^^^^^^^^^^^^^^^
  File "/root/New-HELM-Diffusion/pepar_diff/models/ald_model.py", line 698, in sample
    start_ctx = self.context_encoder.get_context_for_next_token(
                ^^^^^^^^^^^^^^^^^^^^^^^^^^^^^^^^^^^^^^^^^^^^^^^^
  File "/root/New-HELM-Diffusion/pepar_diff/models/context_encoder.py", line 134, in get_context_for_next_token
    return self._encode(start_emb)[:, 0]
           ^^^^^^^^^^^^^^^^^^^^^^^
  File "/root/New-HELM-Diffusion/pepar_diff/models/context_encoder.py", line 81, in _encode
    x, _ = layer(x, key_padding_mask=mask)
           ^^^^^^^^^^^^^^^^^^^^^^^^^^^^^^^
  File "/root/miniconda3/lib/python3.12/site-packages/torch/nn/modules/module.py", line 1773, in _wrapped_call_impl
    return self._call_impl(*args, **kwargs)
           ^^^^^^^^^^^^^^^^^^^^^^^^^^^^^^^^
  File "/root/miniconda3/lib/python3.12/site-packages/torch/nn/modules/module.py", line 1784, in _call_impl
    return forward_call(*args, **kwargs)
           ^^^^^^^^^^^^^^^^^^^^^^^^^^^^^
  File "/root/New-HELM-Diffusion/pepar_diff/core/layers.py", line 124, in forward
    attn_output, attn_weights = self.self_attn(
                                ^^^^^^^^^^^^^^^
  File "/root/miniconda3/lib/python3.12/site-packages/torch/nn/modules/module.py", line 1773, in _wrapped_call_impl
    return self._call_impl(*args, **kwargs)
           ^^^^^^^^^^^^^^^^^^^^^^^^^^^^^^^^
  File "/root/miniconda3/lib/python3.12/site-packages/torch/nn/modules/module.py", line 1784, in _call_impl
    return forward_call(*args, **kwargs)
           ^^^^^^^^^^^^^^^^^^^^^^^^^^^^^
  File "/root/New-HELM-Diffusion/pepar_diff/core/attention.py", line 175, in forward
    V = self.w_v(value).view(batch_size, seq_len_k, self.n_heads, self.d_k).transpose(1, 2)
        ^^^^^^^^^^^^^^^
  File "/root/miniconda3/lib/python3.12/site-packages/torch/nn/modules/module.py", line 1773, in _wrapped_call_impl
    return self._call_impl(*args, **kwargs)
           ^^^^^^^^^^^^^^^^^^^^^^^^^^^^^^^^
  File "/root/miniconda3/lib/python3.12/site-packages/torch/nn/modules/module.py", line 1784, in _call_impl
    return forward_call(*args, **kwargs)
           ^^^^^^^^^^^^^^^^^^^^^^^^^^^^^
  File "/root/miniconda3/lib/python3.12/site-packages/torch/nn/modules/linear.py", line 125, in forward
    return F.linear(input, self.weight, self.bias)
           ^^^^^^^^^^^^^^^^^^^^^^^^^^^^^^^^^^^^^^^
KeyboardInterrupt
