
CUDA_VISIBLE_DEVICES=1 /root/miniconda3/bin/python /root/New-HELM-Diffusion/scripts/generate/generate_peptides.py --config /root/New-HELM-Diffusion/outputs/samples/case1/dpo_rounds/case1_vina_flexible_20k_full_r9/generated.multigpu_shards/shard_01_gpu1.json --output /root/New-HELM-Diffusion/outputs/samples/case1/dpo_rounds/case1_vina_flexible_20k_full_r9/generated.multigpu_shards/shard_01_gpu1.txt
Shard sample count: 5000
Shard seed: 779440426
📄 Loading config from: /root/New-HELM-Diffusion/outputs/samples/case1/dpo_rounds/case1_vina_flexible_20k_full_r9/generated.multigpu_shards/shard_01_gpu1.json
🎯 Mode: linear
🎲 Random seed set to 779440426
💻 Using device: cpu
 Loading checkpoint from: /root/autodl-tmp/checkpoints/dpo_rounds/case1_vina_flexible_20k_full_r8/dpo_latest.pt
   Loaded vocab from checkpoint (3105 tokens)
[UniMolEmbeddingLoader] Loaded embeddings:
  - Embedding dim: 512
  - Num monomers: 3104
  - Vocab size: 3105 (including <PAD>)
  - Frozen: True
  - Fusion: CLS + 0.0 * (R1 + R2 + R3)
[TokenMapper] Loaded embeddings: torch.Size([3105, 512])
[TokenMapper] Monomer classification:
  Class 1 (first): 2563
  Class 2 (middle): 1767
  Class 3 (last): 2303
[ALD] R-group table: 3104 monomers, 92 with R3
[ALD] Model: d=512, layers=6+6, T=1000
 Model loaded successfully (50.6M parameters)

 Generating 5000 samples...

CUDA_VISIBLE_DEVICES=1 /root/miniconda3/bin/python /root/New-HELM-Diffusion/scripts/generate/generate_peptides.py --config /root/New-HELM-Diffusion/outputs/samples/case1/dpo_rounds/case1_vina_flexible_20k_full_r9/generated.multigpu_shards/shard_01_gpu1.json --output /root/New-HELM-Diffusion/outputs/samples/case1/dpo_rounds/case1_vina_flexible_20k_full_r9/generated.multigpu_shards/shard_01_gpu1.txt
Shard sample count: 5000
Shard seed: 779440561
📄 Loading config from: /root/New-HELM-Diffusion/outputs/samples/case1/dpo_rounds/case1_vina_flexible_20k_full_r9/generated.multigpu_shards/shard_01_gpu1.json
🎯 Mode: linear
🎲 Random seed set to 779440561
💻 Using device: cpu
 Loading checkpoint from: /root/autodl-tmp/checkpoints/dpo_rounds/case1_vina_flexible_20k_full_r8/dpo_latest.pt
   Loaded vocab from checkpoint (3105 tokens)
[UniMolEmbeddingLoader] Loaded embeddings:
  - Embedding dim: 512
  - Num monomers: 3104
  - Vocab size: 3105 (including <PAD>)
  - Frozen: True
  - Fusion: CLS + 0.0 * (R1 + R2 + R3)
[TokenMapper] Loaded embeddings: torch.Size([3105, 512])
[TokenMapper] Monomer classification:
  Class 1 (first): 2563
  Class 2 (middle): 1767
  Class 3 (last): 2303
[ALD] R-group table: 3104 monomers, 92 with R3
[ALD] Model: d=512, layers=6+6, T=1000
 Model loaded successfully (50.6M parameters)

 Generating 5000 samples...
Traceback (most recent call last):
  File "/root/New-HELM-Diffusion/scripts/generate/generate_peptides.py", line 399, in <module>
    main()
  File "/root/New-HELM-Diffusion/scripts/generate/generate_peptides.py", line 384, in main
    helm_sequences, ring_bond_counts, sequence_lengths = generate_samples(
                                                         ^^^^^^^^^^^^^^^^^
  File "/root/New-HELM-Diffusion/scripts/generate/generate_peptides.py", line 223, in generate_samples
    samples = model.sample(
              ^^^^^^^^^^^^^
  File "/root/miniconda3/lib/python3.12/site-packages/torch/utils/_contextlib.py", line 120, in decorate_context
    return func(*args, **kwargs)
           ^^^^^^^^^^^^^^^^^^^^^
  File "/root/New-HELM-Diffusion/pepar_diff/models/ald_model.py", line 593, in sample
    embeddings = self.diffusion_engine.sample_ddim(
                 ^^^^^^^^^^^^^^^^^^^^^^^^^^^^^^^^^^
  File "/root/miniconda3/lib/python3.12/site-packages/torch/utils/_contextlib.py", line 120, in decorate_context
    return func(*args, **kwargs)
           ^^^^^^^^^^^^^^^^^^^^^
  File "/root/New-HELM-Diffusion/pepar_diff/diffusion/engine.py", line 318, in sample_ddim
    predicted_noise = self.predict_noise(x_t, t_batch, context, context_mask)
                      ^^^^^^^^^^^^^^^^^^^^^^^^^^^^^^^^^^^^^^^^^^^^^^^^^^^^^^^
  File "/root/New-HELM-Diffusion/pepar_diff/diffusion/engine.py", line 163, in predict_noise
    return self.denoiser(x_t, t_normalized, context, context_mask)
           ^^^^^^^^^^^^^^^^^^^^^^^^^^^^^^^^^^^^^^^^^^^^^^^^^^^^^^^
  File "/root/miniconda3/lib/python3.12/site-packages/torch/nn/modules/module.py", line 1773, in _wrapped_call_impl
    return self._call_impl(*args, **kwargs)
           ^^^^^^^^^^^^^^^^^^^^^^^^^^^^^^^^
  File "/root/miniconda3/lib/python3.12/site-packages/torch/nn/modules/module.py", line 1784, in _call_impl
    return forward_call(*args, **kwargs)
           ^^^^^^^^^^^^^^^^^^^^^^^^^^^^^
  File "/root/New-HELM-Diffusion/pepar_diff/diffusion/denoiser.py", line 125, in forward
    x = block(x, context, context_mask)
        ^^^^^^^^^^^^^^^^^^^^^^^^^^^^^^^
  File "/root/miniconda3/lib/python3.12/site-packages/torch/nn/modules/module.py", line 1773, in _wrapped_call_impl
    return self._call_impl(*args, **kwargs)
           ^^^^^^^^^^^^^^^^^^^^^^^^^^^^^^^^
  File "/root/miniconda3/lib/python3.12/site-packages/torch/nn/modules/module.py", line 1784, in _call_impl
    return forward_call(*args, **kwargs)
           ^^^^^^^^^^^^^^^^^^^^^^^^^^^^^
  File "/root/New-HELM-Diffusion/pepar_diff/core/layers.py", line 209, in forward
    ff_out = self.feed_forward(x)
             ^^^^^^^^^^^^^^^^^^^^
  File "/root/miniconda3/lib/python3.12/site-packages/torch/nn/modules/module.py", line 1773, in _wrapped_call_impl
    return self._call_impl(*args, **kwargs)
           ^^^^^^^^^^^^^^^^^^^^^^^^^^^^^^^^
  File "/root/miniconda3/lib/python3.12/site-packages/torch/nn/modules/module.py", line 1784, in _call_impl
    return forward_call(*args, **kwargs)
           ^^^^^^^^^^^^^^^^^^^^^^^^^^^^^
  File "/root/New-HELM-Diffusion/pepar_diff/core/layers.py", line 64, in forward
    return self.linear2(self.dropout(self.activation(self.linear1(x))))
                                                     ^^^^^^^^^^^^^^^
  File "/root/miniconda3/lib/python3.12/site-packages/torch/nn/modules/module.py", line 1773, in _wrapped_call_impl
    return self._call_impl(*args, **kwargs)
           ^^^^^^^^^^^^^^^^^^^^^^^^^^^^^^^^
  File "/root/miniconda3/lib/python3.12/site-packages/torch/nn/modules/module.py", line 1784, in _call_impl
    return forward_call(*args, **kwargs)
           ^^^^^^^^^^^^^^^^^^^^^^^^^^^^^
  File "/root/miniconda3/lib/python3.12/site-packages/torch/nn/modules/linear.py", line 125, in forward
    return F.linear(input, self.weight, self.bias)
                                        ^^^^^^^^^
  File "/root/miniconda3/lib/python3.12/site-packages/torch/nn/modules/module.py", line 1949, in __getattr__
    def __getattr__(self, name: str) -> Union[Tensor, "Module"]:

KeyboardInterrupt
