
CUDA_VISIBLE_DEVICES=0 /root/miniconda3/bin/python /root/New-HELM-Diffusion/scripts/generate/generate_peptides.py --config /root/New-HELM-Diffusion/outputs/samples/dpo_rounds/2axi_vina_only_full_r1/generated.multigpu_shards/shard_00_gpu0.json --output /root/New-HELM-Diffusion/outputs/samples/dpo_rounds/2axi_vina_only_full_r1/generated.multigpu_shards/shard_00_gpu0.txt
Shard sample count: 8000
Shard seed: 778656522
📄 Loading config from: /root/New-HELM-Diffusion/outputs/samples/dpo_rounds/2axi_vina_only_full_r1/generated.multigpu_shards/shard_00_gpu0.json
🎯 Mode: linear
🎲 Random seed set to 778656522
💻 Using device: cuda
 Loading checkpoint from: /root/autodl-tmp/checkpoints/dpo_rounds/2axi_vina_only_full_r0/dpo_epoch_15.pt
   Loaded vocab from checkpoint (3105 tokens)
[UniMolEmbeddingLoader] Loaded embeddings:
  - Embedding dim: 512
  - Num monomers: 3104
  - Vocab size: 3105 (including <PAD>)
  - Frozen: True
  - Fusion: CLS + 0.0 * (R1 + R2 + R3)
[TokenMapper] Loaded embeddings: torch.Size([3105, 512])
[TokenMapper] Monomer classification:
  Class 1 (first): 2563
  Class 2 (middle): 1767
  Class 3 (last): 2303
[ALD] R-group table: 3104 monomers, 92 with R3
[ALD] Model: d=512, layers=6+6, T=1000
 Model loaded successfully (50.6M parameters)

 Generating 8000 samples...
   Generated 8000 samples in 36.22s
   (4.5ms per sample)

 Generation Statistics:
   Total samples:     8000
   Avg sequence len:  7.0
   Min sequence len:  7
   Max sequence len:  7
   Cyclic sequences:  0
   Linear sequences:  8000

 Saved 8000 sequences to /root/New-HELM-Diffusion/outputs/samples/dpo_rounds/2axi_vina_only_full_r1/generated.multigpu_shards/shard_00_gpu0.txt

✅ Generation complete!
